---
http_interactions:
- request:
    method: get
    uri: http://localhost:3000/api/v1/users/1
    body:
      encoding: US-ASCII
      string: ''
    headers:
      User-Agent:
      - Faraday v2.8.1
      Accept-Encoding:
      - gzip;q=1.0,deflate;q=0.6,identity;q=0.3
      Accept:
      - "*/*"
  response:
    status:
      code: 200
      message: OK
    headers:
      X-Frame-Options:
      - SAMEORIGIN
      X-Xss-Protection:
      - '0'
      X-Content-Type-Options:
      - nosniff
      X-Permitted-Cross-Domain-Policies:
      - none
      Referrer-Policy:
      - strict-origin-when-cross-origin
      Content-Type:
      - application/json; charset=utf-8
      Vary:
      - Accept
      Etag:
      - W/"00ead1084b35ba14d6ce2c7eaac6ea1e"
      Cache-Control:
      - max-age=0, private, must-revalidate
      X-Request-Id:
      - 132b7d30-ba51-4334-954a-cd69d87f88b9
      X-Runtime:
      - '0.004423'
      Server-Timing:
      - start_processing.action_controller;dur=0.00, sql.active_record;dur=0.43, instantiation.active_record;dur=0.03,
        process_action.action_controller;dur=1.94
      Content-Length:
      - '220'
    body:
      encoding: UTF-8
      string: '{"data":{"id":"1","type":"user","attributes":{"name":"James Sullivan","email":"sully@gmail.com","dog_count":3},"relationships":{"dogs":{"data":[{"id":"1","type":"dog"},{"id":"2","type":"dog"},{"id":"3","type":"dog"}]}}}}'
  recorded_at: Mon, 08 Jan 2024 23:28:26 GMT
- request:
    method: get
    uri: http://localhost:3000/api/v1/users/1
    body:
      encoding: US-ASCII
      string: ''
    headers:
      User-Agent:
      - Faraday v2.8.1
      Accept-Encoding:
      - gzip;q=1.0,deflate;q=0.6,identity;q=0.3
      Accept:
      - "*/*"
  response:
    status:
      code: 200
      message: OK
    headers:
      X-Frame-Options:
      - SAMEORIGIN
      X-Xss-Protection:
      - '0'
      X-Content-Type-Options:
      - nosniff
      X-Permitted-Cross-Domain-Policies:
      - none
      Referrer-Policy:
      - strict-origin-when-cross-origin
      Content-Type:
      - application/json; charset=utf-8
      Vary:
      - Accept
      Etag:
      - W/"00ead1084b35ba14d6ce2c7eaac6ea1e"
      Cache-Control:
      - max-age=0, private, must-revalidate
      X-Request-Id:
      - d027d58c-3601-47c1-a0ca-84247a9fd59f
      X-Runtime:
      - '0.005287'
      Server-Timing:
      - start_processing.action_controller;dur=0.00, sql.active_record;dur=0.49, instantiation.active_record;dur=0.04,
        process_action.action_controller;dur=2.40
      Content-Length:
      - '220'
    body:
      encoding: UTF-8
      string: '{"data":{"id":"1","type":"user","attributes":{"name":"James Sullivan","email":"sully@gmail.com","dog_count":3},"relationships":{"dogs":{"data":[{"id":"1","type":"dog"},{"id":"2","type":"dog"},{"id":"3","type":"dog"}]}}}}'
  recorded_at: Mon, 08 Jan 2024 23:28:26 GMT
- request:
    method: get
    uri: http://localhost:3000/api/v1/users/1/dogs
    body:
      encoding: US-ASCII
      string: ''
    headers:
      User-Agent:
      - Faraday v2.8.1
      Accept-Encoding:
      - gzip;q=1.0,deflate;q=0.6,identity;q=0.3
      Accept:
      - "*/*"
  response:
    status:
      code: 200
      message: OK
    headers:
      X-Frame-Options:
      - SAMEORIGIN
      X-Xss-Protection:
      - '0'
      X-Content-Type-Options:
      - nosniff
      X-Permitted-Cross-Domain-Policies:
      - none
      Referrer-Policy:
      - strict-origin-when-cross-origin
      Content-Type:
      - application/json; charset=utf-8
      Vary:
      - Accept
      Etag:
      - W/"9c317ba397508c4b848be153d9aa43eb"
      Cache-Control:
      - max-age=0, private, must-revalidate
      X-Request-Id:
      - 378a5bae-136d-4338-8517-d175acc54183
      X-Runtime:
      - '0.004128'
      Server-Timing:
      - start_processing.action_controller;dur=0.00, sql.active_record;dur=0.28, instantiation.active_record;dur=0.05,
        process_action.action_controller;dur=1.00
      Content-Length:
      - '341'
    body:
      encoding: UTF-8
      string: '{"data":[{"id":"1","type":"dog","attributes":{"name":"Fido","breed":"Lab","age":5,"size":"medium","neutered":true}},{"id":"2","type":"dog","attributes":{"name":"Bob","breed":"Pug","age":3,"size":"small","neutered":false}},{"id":"3","type":"dog","attributes":{"name":"Akila","breed":"Great
        Pyrenees","age":8,"size":"large","neutered":true}}]}'
  recorded_at: Mon, 08 Jan 2024 23:28:26 GMT
recorded_with: VCR 6.2.0
