---
http_interactions:
- request:
    method: get
    uri: http://localhost:3000/api/v1/users/2
    body:
      encoding: US-ASCII
      string: ''
    headers:
      User-Agent:
      - Faraday v2.8.1
      Accept-Encoding:
      - gzip;q=1.0,deflate;q=0.6,identity;q=0.3
      Accept:
      - "*/*"
  response:
    status:
      code: 200
      message: OK
    headers:
      X-Frame-Options:
      - SAMEORIGIN
      X-Xss-Protection:
      - '0'
      X-Content-Type-Options:
      - nosniff
      X-Permitted-Cross-Domain-Policies:
      - none
      Referrer-Policy:
      - strict-origin-when-cross-origin
      Content-Type:
      - application/json; charset=utf-8
      Vary:
      - Accept
      Etag:
      - W/"ca562626bc2267f25b81a66d38d7f3c4"
      Cache-Control:
      - max-age=0, private, must-revalidate
      X-Request-Id:
      - 8707efae-30b8-42ec-a5a8-2237861c325b
      X-Runtime:
      - '0.005725'
      Server-Timing:
      - start_processing.action_controller;dur=0.00, sql.active_record;dur=0.57, instantiation.active_record;dur=0.03,
        process_action.action_controller;dur=2.54
      Content-Length:
      - '147'
    body:
      encoding: UTF-8
      string: '{"data":{"id":"2","type":"user","attributes":{"name":"Mike Wazowski","email":"mike@gmail.com","dog_count":0},"relationships":{"dogs":{"data":[]}}}}'
  recorded_at: Tue, 09 Jan 2024 23:17:33 GMT
- request:
    method: get
    uri: http://localhost:3000/api/v1/users/2
    body:
      encoding: US-ASCII
      string: ''
    headers:
      User-Agent:
      - Faraday v2.8.1
      Accept-Encoding:
      - gzip;q=1.0,deflate;q=0.6,identity;q=0.3
      Accept:
      - "*/*"
  response:
    status:
      code: 200
      message: OK
    headers:
      X-Frame-Options:
      - SAMEORIGIN
      X-Xss-Protection:
      - '0'
      X-Content-Type-Options:
      - nosniff
      X-Permitted-Cross-Domain-Policies:
      - none
      Referrer-Policy:
      - strict-origin-when-cross-origin
      Content-Type:
      - application/json; charset=utf-8
      Vary:
      - Accept
      Etag:
      - W/"ca562626bc2267f25b81a66d38d7f3c4"
      Cache-Control:
      - max-age=0, private, must-revalidate
      X-Request-Id:
      - c1451bc1-c26f-4130-87f3-b254feb9c207
      X-Runtime:
      - '0.005730'
      Server-Timing:
      - start_processing.action_controller;dur=0.00, sql.active_record;dur=0.59, instantiation.active_record;dur=0.03,
        process_action.action_controller;dur=2.64
      Content-Length:
      - '147'
    body:
      encoding: UTF-8
      string: '{"data":{"id":"2","type":"user","attributes":{"name":"Mike Wazowski","email":"mike@gmail.com","dog_count":0},"relationships":{"dogs":{"data":[]}}}}'
  recorded_at: Tue, 09 Jan 2024 23:17:33 GMT
- request:
    method: patch
    uri: http://localhost:3000/api/v1/users/2
    body:
      encoding: UTF-8
      string: '{"name":"Mikey Boi","email":"mike@gmail.com","password":"password"}'
    headers:
      User-Agent:
      - Faraday v2.8.1
      Content-Type:
      - application/json
      Accept-Encoding:
      - gzip;q=1.0,deflate;q=0.6,identity;q=0.3
      Accept:
      - "*/*"
  response:
    status:
      code: 202
      message: Accepted
    headers:
      X-Frame-Options:
      - SAMEORIGIN
      X-Xss-Protection:
      - '0'
      X-Content-Type-Options:
      - nosniff
      X-Permitted-Cross-Domain-Policies:
      - none
      Referrer-Policy:
      - strict-origin-when-cross-origin
      Content-Type:
      - application/json; charset=utf-8
      Vary:
      - Accept
      Cache-Control:
      - no-cache
      X-Request-Id:
      - 57d10934-3402-43a7-9b6d-dbebbbf772df
      X-Runtime:
      - '0.267106'
      Server-Timing:
      - start_processing.action_controller;dur=0.00, sql.active_record;dur=7.62, instantiation.active_record;dur=0.05,
        unpermitted_parameters.action_controller;dur=0.00, transaction.active_record;dur=5.51,
        process_action.action_controller;dur=263.88
      Content-Length:
      - '143'
    body:
      encoding: UTF-8
      string: '{"data":{"id":"2","type":"user","attributes":{"name":"Mikey Boi","email":"mike@gmail.com","dog_count":0},"relationships":{"dogs":{"data":[]}}}}'
  recorded_at: Tue, 09 Jan 2024 23:17:34 GMT
- request:
    method: get
    uri: http://localhost:3000/api/v1/users/2
    body:
      encoding: US-ASCII
      string: ''
    headers:
      User-Agent:
      - Faraday v2.8.1
      Accept-Encoding:
      - gzip;q=1.0,deflate;q=0.6,identity;q=0.3
      Accept:
      - "*/*"
  response:
    status:
      code: 200
      message: OK
    headers:
      X-Frame-Options:
      - SAMEORIGIN
      X-Xss-Protection:
      - '0'
      X-Content-Type-Options:
      - nosniff
      X-Permitted-Cross-Domain-Policies:
      - none
      Referrer-Policy:
      - strict-origin-when-cross-origin
      Content-Type:
      - application/json; charset=utf-8
      Vary:
      - Accept
      Etag:
      - W/"c2549ef29441765d059e5d993afbbe42"
      Cache-Control:
      - max-age=0, private, must-revalidate
      X-Request-Id:
      - 8122c5e7-8192-443b-a564-29cfb8b361e9
      X-Runtime:
      - '0.004970'
      Server-Timing:
      - start_processing.action_controller;dur=0.00, sql.active_record;dur=0.56, instantiation.active_record;dur=0.03,
        process_action.action_controller;dur=2.17
      Content-Length:
      - '143'
    body:
      encoding: UTF-8
      string: '{"data":{"id":"2","type":"user","attributes":{"name":"Mikey Boi","email":"mike@gmail.com","dog_count":0},"relationships":{"dogs":{"data":[]}}}}'
  recorded_at: Tue, 09 Jan 2024 23:17:34 GMT
recorded_with: VCR 6.2.0
