---
http_interactions:
- request:
    method: get
    uri: http://localhost:3000/api/v1/users/1
    body:
      encoding: US-ASCII
      string: ''
    headers:
      User-Agent:
      - Faraday v2.8.1
      Accept-Encoding:
      - gzip;q=1.0,deflate;q=0.6,identity;q=0.3
      Accept:
      - "*/*"
  response:
    status:
      code: 200
      message: OK
    headers:
      X-Frame-Options:
      - SAMEORIGIN
      X-Xss-Protection:
      - '0'
      X-Content-Type-Options:
      - nosniff
      X-Permitted-Cross-Domain-Policies:
      - none
      Referrer-Policy:
      - strict-origin-when-cross-origin
      Content-Type:
      - application/json; charset=utf-8
      Vary:
      - Accept
      Etag:
      - W/"4e9bdf16f55783e388496bfc52d82dc9"
      Cache-Control:
      - max-age=0, private, must-revalidate
      X-Request-Id:
      - 07e9ceb6-6348-4416-b689-b53322d80f48
      X-Runtime:
      - '0.005280'
      Server-Timing:
      - start_processing.action_controller;dur=0.00, sql.active_record;dur=0.43, instantiation.active_record;dur=0.03,
        process_action.action_controller;dur=2.23
      Content-Length:
      - '196'
    body:
      encoding: UTF-8
      string: '{"data":{"id":"1","type":"user","attributes":{"name":"James Sullivan","email":"sully@gmail.com","dog_count":2},"relationships":{"dogs":{"data":[{"id":"1","type":"dog"},{"id":"2","type":"dog"}]}}}}'
  recorded_at: Wed, 10 Jan 2024 18:59:56 GMT
- request:
    method: get
    uri: http://localhost:3000/api/v1/users/1
    body:
      encoding: US-ASCII
      string: ''
    headers:
      User-Agent:
      - Faraday v2.8.1
      Accept-Encoding:
      - gzip;q=1.0,deflate;q=0.6,identity;q=0.3
      Accept:
      - "*/*"
  response:
    status:
      code: 200
      message: OK
    headers:
      X-Frame-Options:
      - SAMEORIGIN
      X-Xss-Protection:
      - '0'
      X-Content-Type-Options:
      - nosniff
      X-Permitted-Cross-Domain-Policies:
      - none
      Referrer-Policy:
      - strict-origin-when-cross-origin
      Content-Type:
      - application/json; charset=utf-8
      Vary:
      - Accept
      Etag:
      - W/"4e9bdf16f55783e388496bfc52d82dc9"
      Cache-Control:
      - max-age=0, private, must-revalidate
      X-Request-Id:
      - 457e05fc-9e22-441f-8324-879069e04cdc
      X-Runtime:
      - '0.004654'
      Server-Timing:
      - start_processing.action_controller;dur=0.00, sql.active_record;dur=0.41, instantiation.active_record;dur=0.03,
        process_action.action_controller;dur=1.92
      Content-Length:
      - '196'
    body:
      encoding: UTF-8
      string: '{"data":{"id":"1","type":"user","attributes":{"name":"James Sullivan","email":"sully@gmail.com","dog_count":2},"relationships":{"dogs":{"data":[{"id":"1","type":"dog"},{"id":"2","type":"dog"}]}}}}'
  recorded_at: Wed, 10 Jan 2024 18:59:56 GMT
- request:
    method: get
    uri: http://localhost:3000/api/v1/users/1
    body:
      encoding: US-ASCII
      string: ''
    headers:
      User-Agent:
      - Faraday v2.8.1
      Accept-Encoding:
      - gzip;q=1.0,deflate;q=0.6,identity;q=0.3
      Accept:
      - "*/*"
  response:
    status:
      code: 200
      message: OK
    headers:
      X-Frame-Options:
      - SAMEORIGIN
      X-Xss-Protection:
      - '0'
      X-Content-Type-Options:
      - nosniff
      X-Permitted-Cross-Domain-Policies:
      - none
      Referrer-Policy:
      - strict-origin-when-cross-origin
      Content-Type:
      - application/json; charset=utf-8
      Vary:
      - Accept
      Etag:
      - W/"4e9bdf16f55783e388496bfc52d82dc9"
      Cache-Control:
      - max-age=0, private, must-revalidate
      X-Request-Id:
      - 0267b28a-cae9-4231-aa24-3aff10ea8a21
      X-Runtime:
      - '0.006246'
      Server-Timing:
      - start_processing.action_controller;dur=0.00, sql.active_record;dur=0.62, instantiation.active_record;dur=0.03,
        process_action.action_controller;dur=3.09
      Content-Length:
      - '196'
    body:
      encoding: UTF-8
      string: '{"data":{"id":"1","type":"user","attributes":{"name":"James Sullivan","email":"sully@gmail.com","dog_count":2},"relationships":{"dogs":{"data":[{"id":"1","type":"dog"},{"id":"2","type":"dog"}]}}}}'
  recorded_at: Wed, 10 Jan 2024 18:59:56 GMT
recorded_with: VCR 6.2.0
